resolving dependencies...
looking for conflicting packages...

Package (1)               New Version  Net Change  Download Size

extra/ttf-fantasque-nerd  3.4.0-1       29.01 MiB       2.68 MiB

Total Download Size:    2.68 MiB
Total Installed Size:  29.01 MiB

:: Proceed with installation? [Y/n] 
:: Retrieving packages...
 ttf-fantasque-nerd-3.4.0-1-any downloading...
checking keyring...
checking package integrity...
loading package files...
checking for file conflicts...
checking available disk space...
:: Processing package changes...
installing ttf-fantasque-nerd...
:: Running post-transaction hooks...
(1/6) Arming ConditionNeedsUpdate...
(2/6) Updating fontconfig cache...
(3/6) Keep the last cache and the currently installed.
==> no candidate packages found for pruning
(4/6) pkgAUR.hook
(5/6) pkgClean.hook
(6/6) pkgCore.hook
:: Resolving dependencies...
:: Calculating conflicts...
:: Calculating inner conflicts...

Aur (1)              Old Version  New Version    Make Only
aur/ttf-victor-mono               1.5.6-1        No

:: Proceed to review? [Y/n]: 

:: Downloading PKGBUILDs...
 (1/1) downloading: ttf-victor-mono-1.5.6-1
fetching devel info...
==> Making package: ttf-victor-mono 1.5.6-1 (Wed 23 Jul 2025 22:39:08 BST)
==> Retrieving sources...
  -> Downloading ttf-victor-mono-1.5.6.zip...
  % Total    % Received % Xferd  Average Speed   Time    Time     Time  Current
                                 Dload  Upload   Total   Spent    Left  Speed
  0     0    0     0    0     0      0      0 --:--:-- --:--:-- --:--:--     0  0     0    0     0    0     0      0      0 --:--:-- --:--:-- --:--:--     0
100  2011    0  2011    0     0   4074      0 --:--:-- --:--:-- --:--:--  4074100 6121k    0 6121k    0     0  4408k      0 --:--:--  0:00:01 --:--:-- 6829k100 24.0M    0 24.0M    0     0  10.7M      0 --:--:--  0:00:02 --:--:-- 13.8M
==> Validating source files with sha256sums...
    ttf-victor-mono-1.5.6.zip ... Passed
==> Making package: ttf-victor-mono 1.5.6-1 (Wed 23 Jul 2025 22:39:12 BST)
==> Checking runtime dependencies...
==> Checking buildtime dependencies...
==> Retrieving sources...
  -> Found ttf-victor-mono-1.5.6.zip
==> Validating source files with sha256sums...
    ttf-victor-mono-1.5.6.zip ... Passed
==> Removing existing $srcdir/ directory...
==> Extracting sources...
  -> Extracting ttf-victor-mono-1.5.6.zip with bsdtar
==> Starting prepare()...
==> Sources are ready.
ttf-victor-mono-1.5.6-1: parsing pkg list...
==> Making package: ttf-victor-mono 1.5.6-1 (Wed 23 Jul 2025 22:39:16 BST)
==> Checking runtime dependencies...
==> Checking buildtime dependencies...
==> WARNING: Using existing $srcdir/ tree
==> Entering fakeroot environment...
==> Starting package()...
==> Tidying install...
  -> Removing libtool files...
  -> Purging unwanted files...
  -> Removing static library files...
  -> Stripping unneeded symbols from binaries and libraries...
  -> Compressing man and info pages...
==> Checking for packaging issues...
==> Creating package "ttf-victor-mono"...
  -> Generating .PKGINFO file...
  -> Generating .BUILDINFO file...
  -> Generating .MTREE file...
  -> Compressing package...
==> Leaving fakeroot environment.
==> Finished making: ttf-victor-mono 1.5.6-1 (Wed 23 Jul 2025 22:39:19 BST)
==> Cleaning up...
loading packages...
resolving dependencies...
looking for conflicting packages...

Package (1)      New Version  Net Change

ttf-victor-mono  1.5.6-1        4.43 MiB

Total Installed Size:  4.43 MiB

:: Proceed with installation? [Y/n] 
checking keyring...
checking package integrity...
loading package files...
checking for file conflicts...
checking available disk space...
:: Processing package changes...
installing ttf-victor-mono...
:: Running post-transaction hooks...
(1/6) Arming ConditionNeedsUpdate...
(2/6) Updating fontconfig cache...
(3/6) Keep the last cache and the currently installed.
==> no candidate packages found for pruning
(4/6) pkgAUR.hook
(5/6) pkgClean.hook
(6/6) pkgCore.hook
