[34m[INFO](B[m Package aylurs-gtk-shell not installed, skipping.
[34m[INFO](B[m Package dunst not installed, skipping.
[34m[INFO](B[m Package cachyos-hyprland-settings not installed, skipping.
[34m[INFO](B[m Package mako not installed, skipping.
[33m[NOTE](B[m removing rofi ...
error: target not found: rofi
[34m[INFO](B[m Package wallust-git not installed, skipping.
[34m[INFO](B[m Package rofi-lbonn-wayland not installed, skipping.
[34m[INFO](B[m Package rofi-lbonn-wayland-git not installed, skipping.
resolving dependencies...
looking for conflicting packages...

Package (2)            New Version  Net Change  Download Size

extra/polkit-qt6       0.200.0-1      0.35 MiB       0.09 MiB
extra/hyprpolkitagent  0.1.2-8        0.19 MiB       0.08 MiB

Total Download Size:   0.16 MiB
Total Installed Size:  0.54 MiB

:: Proceed with installation? [Y/n] 
:: Retrieving packages...
 polkit-qt6-0.200.0-1-x86_64 downloading...
 hyprpolkitagent-0.1.2-8-x86_64 downloading...
checking keyring...
checking package integrity...
loading package files...
checking for file conflicts...
checking available disk space...
:: Processing package changes...
installing polkit-qt6...
installing hyprpolkitagent...
:: Running post-transaction hooks...
(1/6) Reloading user manager configuration...
(2/6) Arming ConditionNeedsUpdate...
(3/6) Keep the last cache and the currently installed.
==> no candidate packages found for pruning
(4/6) pkgAUR.hook
(5/6) pkgClean.hook
(6/6) pkgCore.hook
resolving dependencies...
looking for conflicting packages...

Package (5)                New Version  Net Change  Download Size

extra/geocode-glib-2       3.26.4-4       0.79 MiB       0.09 MiB
extra/geocode-glib-common  3.26.4-4       0.06 MiB       0.01 MiB
extra/glycin               1.2.2-1       12.60 MiB       2.51 MiB
extra/libgweather-4        4.4.4-2       22.92 MiB       3.01 MiB
extra/loupe                48.1-1         8.02 MiB       2.35 MiB

Total Download Size:    7.96 MiB
Total Installed Size:  44.40 MiB

:: Proceed with installation? [Y/n] 
:: Retrieving packages...
 libgweather-4-4.4.4-2-x86_64 downloading...
 glycin-1.2.2-1-x86_64 downloading...
 loupe-48.1-1-x86_64 downloading...
 geocode-glib-2-3.26.4-4-x86_64 downloading...
 geocode-glib-common-3.26.4-4-x86_64 downloading...
checking keyring...
checking package integrity...
loading package files...
checking for file conflicts...
checking available disk space...
:: Processing package changes...
installing glycin...
Optional dependencies for glycin
    libheif: heif/heic file support [installed]
installing geocode-glib-common...
installing geocode-glib-2...
installing libgweather-4...
installing loupe...
:: Running post-transaction hooks...
(1/8) Arming ConditionNeedsUpdate...
(2/8) Compiling GSettings XML schema files...
(3/8) Updating icon theme caches...
(4/8) Keep the last cache and the currently installed.
==> no candidate packages found for pruning
(5/8) pkgAUR.hook
(6/8) pkgClean.hook
(7/8) pkgCore.hook
(8/8) Updating the desktop file MIME type cache...
resolving dependencies...
looking for conflicting packages...

Package (3)         New Version  Net Change  Download Size

extra/python-i3ipc  2.2.1-8        0.34 MiB       0.06 MiB
extra/python-xlib   0.33-4         2.04 MiB       0.28 MiB
extra/nwg-displays  0.3.25-1       0.28 MiB       0.06 MiB

Total Download Size:   0.39 MiB
Total Installed Size:  2.65 MiB

:: Proceed with installation? [Y/n] 
:: Retrieving packages...
 python-xlib-0.33-4-any downloading...
 python-i3ipc-2.2.1-8-any downloading...
 nwg-displays-0.3.25-1-any downloading...
checking keyring...
checking package integrity...
loading package files...
checking for file conflicts...
checking available disk space...
:: Processing package changes...
installing python-xlib...
installing python-i3ipc...
installing nwg-displays...
:: Running post-transaction hooks...
(1/6) Arming ConditionNeedsUpdate...
(2/6) Keep the last cache and the currently installed.
==> no candidate packages found for pruning
(3/6) pkgAUR.hook
(4/6) pkgClean.hook
(5/6) pkgCore.hook
(6/6) Updating the desktop file MIME type cache...
