resolving dependencies...
looking for conflicting packages...

Package (1)     New Version  Net Change  Download Size

extra/umockdev  0.19.1-1       0.63 MiB       0.14 MiB

Total Download Size:   0.14 MiB
Total Installed Size:  0.63 MiB

:: Proceed with installation? [Y/n] 
:: Retrieving packages...
 umockdev-0.19.1-1-x86_64 downloading...
checking keyring...
checking package integrity...
loading package files...
checking for file conflicts...
checking available disk space...
:: Processing package changes...
installing umockdev...
:: Running post-transaction hooks...
(1/5) Arming ConditionNeedsUpdate...
(2/5) Keep the last cache and the currently installed.
==> no candidate packages found for pruning
(3/5) pkgAUR.hook
(4/5) pkgClean.hook
(5/5) pkgCore.hook
